VER: &{TimeGPS:0 High:0 Medium:1 Low:0}
POS: &{TimeGPS:0 Longitude:0° Latitude:-90° AltitudeEllipsoid:-6378.137km AltitudeMeanSeaLevel:-6378.107465999603km HorizontalAccuracy:0m VerticalAccuracy:0m}
STAT: &{TimeGPS:0 WeekGPS:65014 FixType:NoFix HasFix:false NumSVs:0}
DOPS: &{TimeGPS:0 Geometric:0 Position:0 Vertical:0 Horizontal:0}
VEL: &{TimeGPS:0 North:0m/s East:0m/s Down:0m/s Speed:0m/s Heading:0° SpeedAccuracy:0m/s}
SVI: &{TimeGPS:0 NumSVs:0}
ID(7): 45520717000000000000000000000000000000000000f6fd0000000011aa
VER: &{TimeGPS:0 High:0 Medium:1 Low:0}
POS: &{TimeGPS:0 Longitude:0° Latitude:-90° AltitudeEllipsoid:-6378.137km AltitudeMeanSeaLevel:-6378.107465999603km HorizontalAccuracy:0m VerticalAccuracy:0m}
STAT: &{TimeGPS:0 WeekGPS:65014 FixType:NoFix HasFix:false NumSVs:0}
DOPS: &{TimeGPS:0 Geometric:0 Position:0 Vertical:0 Horizontal:0}
VEL: &{TimeGPS:0 North:0m/s East:0m/s Down:0m/s Speed:0m/s Heading:0° SpeedAccuracy:0m/s}
SVI: &{TimeGPS:0 NumSVs:0}
ID(7): 45520717000000000000000000000000000000000000f6fd0000000011aa
VER: &{TimeGPS:0 High:0 Medium:1 Low:0}
POS: &{TimeGPS:0 Longitude:0° Latitude:-90° AltitudeEllipsoid:-6378.137km AltitudeMeanSeaLevel:-6378.107465999603km HorizontalAccuracy:0m VerticalAccuracy:0m}
STAT: &{TimeGPS:0 WeekGPS:65014 FixType:NoFix HasFix:false NumSVs:0}
DOPS: &{TimeGPS:0 Geometric:0 Position:0 Vertical:0 Horizontal:0}
VEL: &{TimeGPS:0 North:0m/s East:0m/s Down:0m/s Speed:0m/s Heading:0° SpeedAccuracy:0m/s}
SVI: &{TimeGPS:0 NumSVs:0}
ID(7): 45520717000000000000000000000000000000000000f6fd0000000011aa
VER: &{TimeGPS:0 High:0 Medium:1 Low:0}
POS: &{TimeGPS:0 Longitude:0° Latitude:-90° AltitudeEllipsoid:-6378.137km AltitudeMeanSeaLevel:-6378.107465999603km HorizontalAccuracy:0m VerticalAccuracy:0m}
STAT: &{TimeGPS:0 WeekGPS:65014 FixType:NoFix HasFix:false NumSVs:0}
DOPS: &{TimeGPS:0 Geometric:0 Position:0 Vertical:0 Horizontal:0}
VEL: &{TimeGPS:0 North:0m/s East:0m/s Down:0m/s Speed:0m/s Heading:0° SpeedAccuracy:0m/s}
SVI: &{TimeGPS:0 NumSVs:0}
ID(7): 45520717000000000000000000000000000000000000f6fd0000000011aa
VER: &{TimeGPS:0 High:0 Medium:1 Low:0}
POS: &{TimeGPS:0 Longitude:0° Latitude:-90° AltitudeEllipsoid:-6378.137km AltitudeMeanSeaLevel:-6378.107465999603km HorizontalAccuracy:0m VerticalAccuracy:0m}
STAT: &{TimeGPS:0 WeekGPS:65014 FixType:NoFix HasFix:false NumSVs:0}
DOPS: &{TimeGPS:0 Geometric:0 Position:0 Vertical:0 Horizontal:0}
VEL: &{TimeGPS:0 North:0m/s East:0m/s Down:0m/s Speed:0m/s Heading:0° SpeedAccuracy:0m/s}
SVI: &{TimeGPS:0 NumSVs:0}
ID(7): 45520717000000000000000000000000000000000000f6fd0000000011aa
VER: &{TimeGPS:0 High:0 Medium:1 Low:0}
POS: &{TimeGPS:0 Longitude:0° Latitude:-90° AltitudeEllipsoid:-6378.137km AltitudeMeanSeaLevel:-6378.107465999603km HorizontalAccuracy:0m VerticalAccuracy:0m}
STAT: &{TimeGPS:0 WeekGPS:65014 FixType:NoFix HasFix:false NumSVs:0}
DOPS: &{TimeGPS:0 Geometric:0 Position:0 Vertical:0 Horizontal:0}
VEL: &{TimeGPS:0 North:0m/s East:0m/s Down:0m/s Speed:0m/s Heading:0° SpeedAccuracy:0m/s}
SVI: &{TimeGPS:0 NumSVs:0}
ID(7): 45520717000000000000000000000000000000000000f6fd0000000011aa
VER: &{TimeGPS:0 High:0 Medium:1 Low:0}
POS: &{TimeGPS:0 Longitude:0° Latitude:-90° AltitudeEllipsoid:-6378.137km AltitudeMeanSeaLevel:-6378.107465999603km HorizontalAccuracy:0m VerticalAccuracy:0m}
STAT: &{TimeGPS:0 WeekGPS:65014 FixType:NoFix HasFix:false NumSVs:0}
DOPS: &{TimeGPS:0 Geometric:0 Position:0 Vertical:0 Horizontal:0}
VEL: &{TimeGPS:0 North:0m/s East:0m/s Down:0m/s Speed:0m/s Heading:0° SpeedAccuracy:0m/s}
SVI: &{TimeGPS:0 NumSVs:0}
ID(7): 45520717000000000000000000000000000000000000f6fd0000000011aa
VER: &{TimeGPS:0 High:0 Medium:1 Low:0}
POS: &{TimeGPS:0 Longitude:0° Latitude:-90° AltitudeEllipsoid:-6378.137km AltitudeMeanSeaLevel:-6378.107465999603km HorizontalAccuracy:0m VerticalAccuracy:0m}
STAT: &{TimeGPS:0 WeekGPS:65014 FixType:NoFix HasFix:false NumSVs:0}
DOPS: &{TimeGPS:0 Geometric:0 Position:0 Vertical:0 Horizontal:0}
VEL: &{TimeGPS:0 North:0m/s East:0m/s Down:0m/s Speed:0m/s Heading:0° SpeedAccuracy:0m/s}
SVI: &{TimeGPS:0 NumSVs:0}
ID(7): 45520717000000000000000000000000000000000000f6fd0000000011aa
VER: &{TimeGPS:0 High:0 Medium:1 Low:0}
POS: &{TimeGPS:0 Longitude:0° Latitude:-90° AltitudeEllipsoid:-6378.137km AltitudeMeanSeaLevel:-6378.107465999603km HorizontalAccuracy:0m VerticalAccuracy:0m}
STAT: &{TimeGPS:0 WeekGPS:65014 FixType:NoFix HasFix:false NumSVs:0}
DOPS: &{TimeGPS:0 Geometric:0 Position:0 Vertical:0 Horizontal:0}
VEL: &{TimeGPS:0 North:0m/s East:0m/s Down:0m/s Speed:0m/s Heading:0° SpeedAccuracy:0m/s}
SVI: &{TimeGPS:0 NumSVs:0}
ID(7): 45520717000000000000000000000000000000000000f6fd0000000011aa
VER: &{TimeGPS:0 High:0 Medium:1 Low:0}
POS: &{TimeGPS:0 Longitude:0° Latitude:-90° AltitudeEllipsoid:-6378.137km AltitudeMeanSeaLevel:-6378.107465999603km HorizontalAccuracy:0m VerticalAccuracy:0m}
STAT: &{TimeGPS:0 WeekGPS:65014 FixType:NoFix HasFix:false NumSVs:0}
DOPS: &{TimeGPS:0 Geometric:0 Position:0 Vertical:0 Horizontal:0}
VEL: &{TimeGPS:0 North:0m/s East:0m/s Down:0m/s Speed:0m/s Heading:0° SpeedAccuracy:0m/s}
SVI: &{TimeGPS:0 NumSVs:0}
ID(7): 45520717000000000000000000000000000000000000f6fd0000000011aa
VER: &{TimeGPS:0 High:0 Medium:1 Low:0}
POS: &{TimeGPS:0 Longitude:0° Latitude:-90° AltitudeEllipsoid:-6378.137km AltitudeMeanSeaLevel:-6378.107465999603km HorizontalAccuracy:0m VerticalAccuracy:0m}
STAT: &{TimeGPS:0 WeekGPS:65014 FixType:NoFix HasFix:false NumSVs:0}
DOPS: &{TimeGPS:0 Geometric:0 Position:0 Vertical:0 Horizontal:0}
VEL: &{TimeGPS:0 North:0m/s East:0m/s Down:0m/s Speed:0m/s Heading:0° SpeedAccuracy:0m/s}
SVI: &{TimeGPS:0 NumSVs:0}
ID(7): 45520717000000000000000000000000000000000000f6fd0000000011aa
VER: &{TimeGPS:0 High:0 Medium:1 Low:0}
POS: &{TimeGPS:0 Longitude:0° Latitude:-90° AltitudeEllipsoid:-6378.137km AltitudeMeanSeaLevel:-6378.107465999603km HorizontalAccuracy:0m VerticalAccuracy:0m}
STAT: &{TimeGPS:0 WeekGPS:65014 FixType:NoFix HasFix:false NumSVs:0}
DOPS: &{TimeGPS:0 Geometric:0 Position:0 Vertical:0 Horizontal:0}
VEL: &{TimeGPS:0 North:0m/s East:0m/s Down:0m/s Speed:0m/s Heading:0° SpeedAccuracy:0m/s}
SVI: &{TimeGPS:0 NumSVs:0}
ID(7): 45520717000000000000000000000000000000000000f6fd0000000011aa
VER: &{TimeGPS:0 High:0 Medium:1 Low:0}
POS: &{TimeGPS:0 Longitude:0° Latitude:-90° AltitudeEllipsoid:-6378.137km AltitudeMeanSeaLevel:-6378.107465999603km HorizontalAccuracy:0m VerticalAccuracy:0m}
STAT: &{TimeGPS:0 WeekGPS:65014 FixType:NoFix HasFix:false NumSVs:0}
DOPS: &{TimeGPS:0 Geometric:0 Position:0 Vertical:0 Horizontal:0}
VEL: &{TimeGPS:0 North:0m/s East:0m/s Down:0m/s Speed:0m/s Heading:0° SpeedAccuracy:0m/s}
SVI: &{TimeGPS:0 NumSVs:0}
ID(7): 45520717000000000000000000000000000000000000f6fd0000000011aa
VER: &{TimeGPS:0 High:0 Medium:1 Low:0}
POS: &{TimeGPS:0 Longitude:0° Latitude:-90° AltitudeEllipsoid:-6378.137km AltitudeMeanSeaLevel:-6378.107465999603km HorizontalAccuracy:0m VerticalAccuracy:0m}
STAT: &{TimeGPS:0 WeekGPS:65014 FixType:NoFix HasFix:false NumSVs:0}
DOPS: &{TimeGPS:0 Geometric:0 Position:0 Vertical:0 Horizontal:0}
VEL: &{TimeGPS:0 North:0m/s East:0m/s Down:0m/s Speed:0m/s Heading:0° SpeedAccuracy:0m/s}
SVI: &{TimeGPS:0 NumSVs:0}
ID(7): 45520717000000000000000000000000000000000000f6fd0000000011aa
VER: &{TimeGPS:0 High:0 Medium:1 Low:0}
POS: &{TimeGPS:0 Longitude:0° Latitude:-90° AltitudeEllipsoid:-6378.137km AltitudeMeanSeaLevel:-6378.107465999603km HorizontalAccuracy:0m VerticalAccuracy:0m}
STAT: &{TimeGPS:0 WeekGPS:65014 FixType:NoFix HasFix:false NumSVs:0}
DOPS: &{TimeGPS:0 Geometric:0 Position:0 Vertical:0 Horizontal:0}
VEL: &{TimeGPS:0 North:0m/s East:0m/s Down:0m/s Speed:0m/s Heading:0° SpeedAccuracy:0m/s}
SVI: &{TimeGPS:0 NumSVs:0}
ID(7): 45520717000000000000000000000000000000000000f6fd0000000011aa
VER: &{TimeGPS:0 High:0 Medium:1 Low:0}
POS: &{TimeGPS:0 Longitude:0° Latitude:-90° AltitudeEllipsoid:-6378.137km AltitudeMeanSeaLevel:-6378.107465999603km HorizontalAccuracy:0m VerticalAccuracy:0m}
STAT: &{TimeGPS:0 WeekGPS:65014 FixType:NoFix HasFix:false NumSVs:0}
DOPS: &{TimeGPS:0 Geometric:0 Position:0 Vertical:0 Horizontal:0}
VEL: &{TimeGPS:0 North:0m/s East:0m/s Down:0m/s Speed:0m/s Heading:0° SpeedAccuracy:0m/s}
SVI: &{TimeGPS:0 NumSVs:0}
ID(7): 45520717000000000000000000000000000000000000f6fd0000000011aa
VER: &{TimeGPS:0 High:0 Medium:1 Low:0}
POS: &{TimeGPS:0 Longitude:0° Latitude:-90° AltitudeEllipsoid:-6378.137km AltitudeMeanSeaLevel:-6378.107465999603km HorizontalAccuracy:0m VerticalAccuracy:0m}
STAT: &{TimeGPS:0 WeekGPS:65014 FixType:NoFix HasFix:false NumSVs:0}
DOPS: &{TimeGPS:0 Geometric:0 Position:0 Vertical:0 Horizontal:0}
VEL: &{TimeGPS:0 North:0m/s East:0m/s Down:0m/s Speed:0m/s Heading:0° SpeedAccuracy:0m/s}
SVI: &{TimeGPS:0 NumSVs:0}
ID(7): 45520717000000000000000000000000000000000000f6fd0000000011aa
VER: &{TimeGPS:0 High:0 Medium:1 Low:0}
POS: &{TimeGPS:0 Longitude:0° Latitude:-90° AltitudeEllipsoid:-6378.137km AltitudeMeanSeaLevel:-6378.107465999603km HorizontalAccuracy:0m VerticalAccuracy:0m}
STAT: &{TimeGPS:0 WeekGPS:65014 FixType:NoFix HasFix:false NumSVs:0}
DOPS: &{TimeGPS:0 Geometric:0 Position:0 Vertical:0 Horizontal:0}
VEL: &{TimeGPS:0 North:0m/s East:0m/s Down:0m/s Speed:0m/s Heading:0° SpeedAccuracy:0m/s}
SVI: &{TimeGPS:0 NumSVs:0}
ID(7): 45520717000000000000000000000000000000000000f6fd0000000011aa
VER: &{TimeGPS:0 High:0 Medium:1 Low:0}
POS: &{TimeGPS:0 Longitude:0° Latitude:-90° AltitudeEllipsoid:-6378.137km AltitudeMeanSeaLevel:-6378.107465999603km HorizontalAccuracy:0m VerticalAccuracy:0m}
STAT: &{TimeGPS:0 WeekGPS:65014 FixType:NoFix HasFix:false NumSVs:0}
DOPS: &{TimeGPS:0 Geometric:0 Position:0 Vertical:0 Horizontal:0}
VEL: &{TimeGPS:0 North:0m/s East:0m/s Down:0m/s Speed:0m/s Heading:0° SpeedAccuracy:0m/s}
SVI: &{TimeGPS:0 NumSVs:0}
ID(7): 45520717000000000000000000000000000000000000f6fd0000000011aa
VER: &{TimeGPS:0 High:0 Medium:1 Low:0}
POS: &{TimeGPS:0 Longitude:0° Latitude:-90° AltitudeEllipsoid:-6378.137km AltitudeMeanSeaLevel:-6378.107465999603km HorizontalAccuracy:0m VerticalAccuracy:0m}
STAT: &{TimeGPS:0 WeekGPS:65014 FixType:NoFix HasFix:false NumSVs:0}
DOPS: &{TimeGPS:0 Geometric:0 Position:0 Vertical:0 Horizontal:0}
VEL: &{TimeGPS:0 North:0m/s East:0m/s Down:0m/s Speed:0m/s Heading:0° SpeedAccuracy:0m/s}
SVI: &{TimeGPS:0 NumSVs:0}
ID(7): 45520717000000000000000000000000000000000000f6fd0000000011aa
VER: &{TimeGPS:0 High:0 Medium:1 Low:0}
POS: &{TimeGPS:0 Longitude:0° Latitude:-90° AltitudeEllipsoid:-6378.137km AltitudeMeanSeaLevel:-6378.107465999603km HorizontalAccuracy:0m VerticalAccuracy:0m}
STAT: &{TimeGPS:0 WeekGPS:65014 FixType:NoFix HasFix:false NumSVs:0}
DOPS: &{TimeGPS:0 Geometric:0 Position:0 Vertical:0 Horizontal:0}
VEL: &{TimeGPS:0 North:0m/s East:0m/s Down:0m/s Speed:0m/s Heading:0° SpeedAccuracy:0m/s}
SVI: &{TimeGPS:0 NumSVs:0}
ID(7): 45520717000000000000000000000000000000000000f6fd0000000011aa
VER: &{TimeGPS:0 High:0 Medium:1 Low:0}
POS: &{TimeGPS:0 Longitude:0° Latitude:-90° AltitudeEllipsoid:-6378.137km AltitudeMeanSeaLevel:-6378.107465999603km HorizontalAccuracy:0m VerticalAccuracy:0m}
STAT: &{TimeGPS:0 WeekGPS:65014 FixType:NoFix HasFix:false NumSVs:0}
DOPS: &{TimeGPS:0 Geometric:0 Position:0 Vertical:0 Horizontal:0}
VEL: &{TimeGPS:0 North:0m/s East:0m/s Down:0m/s Speed:0m/s Heading:0° SpeedAccuracy:0m/s}
SVI: &{TimeGPS:0 NumSVs:0}
ID(7): 45520717000000000000000000000000000000000000f6fd0000000011aa
VER: &{TimeGPS:0 High:0 Medium:1 Low:0}
POS: &{TimeGPS:0 Longitude:0° Latitude:-90° AltitudeEllipsoid:-6378.137km AltitudeMeanSeaLevel:-6378.107465999603km HorizontalAccuracy:0m VerticalAccuracy:0m}
STAT: &{TimeGPS:0 WeekGPS:65014 FixType:NoFix HasFix:false NumSVs:0}
DOPS: &{TimeGPS:0 Geometric:0 Position:0 Vertical:0 Horizontal:0}
VEL: &{TimeGPS:0 North:0m/s East:0m/s Down:0m/s Speed:0m/s Heading:0° SpeedAccuracy:0m/s}
SVI: &{TimeGPS:0 NumSVs:0}
ID(7): 45520717000000000000000000000000000000000000f6fd0000000011aa
VER: &{TimeGPS:0 High:0 Medium:1 Low:0}
POS: &{TimeGPS:0 Longitude:0° Latitude:-90° AltitudeEllipsoid:-6378.137km AltitudeMeanSeaLevel:-6378.107465999603km HorizontalAccuracy:0m VerticalAccuracy:0m}
STAT: &{TimeGPS:0 WeekGPS:65014 FixType:NoFix HasFix:false NumSVs:0}
DOPS: &{TimeGPS:0 Geometric:0 Position:0 Vertical:0 Horizontal:0}
VEL: &{TimeGPS:0 North:0m/s East:0m/s Down:0m/s Speed:0m/s Heading:0° SpeedAccuracy:0m/s}
SVI: &{TimeGPS:0 NumSVs:0}
ID(7): 45520717000000000000000000000000000000000000f6fd0000000011aa
VER: &{TimeGPS:0 High:0 Medium:1 Low:0}
POS: &{TimeGPS:0 Longitude:0° Latitude:-90° AltitudeEllipsoid:-6378.137km AltitudeMeanSeaLevel:-6378.107465999603km HorizontalAccuracy:0m VerticalAccuracy:0m}
STAT: &{TimeGPS:0 WeekGPS:65014 FixType:NoFix HasFix:false NumSVs:0}
DOPS: &{TimeGPS:0 Geometric:0 Position:0 Vertical:0 Horizontal:0}
VEL: &{TimeGPS:0 North:0m/s East:0m/s Down:0m/s Speed:0m/s Heading:0° SpeedAccuracy:0m/s}
SVI: &{TimeGPS:0 NumSVs:0}
ID(7): 45520717000000000000000000000000000000000000f6fd0000000011aa
VER: &{TimeGPS:0 High:0 Medium:1 Low:0}
POS: &{TimeGPS:0 Longitude:0° Latitude:-90° AltitudeEllipsoid:-6378.137km AltitudeMeanSeaLevel:-6378.107465999603km HorizontalAccuracy:0m VerticalAccuracy:0m}
STAT: &{TimeGPS:0 WeekGPS:65014 FixType:NoFix HasFix:false NumSVs:0}
DOPS: &{TimeGPS:0 Geometric:0 Position:0 Vertical:0 Horizontal:0}
VEL: &{TimeGPS:0 North:0m/s East:0m/s Down:0m/s Speed:0m/s Heading:0° SpeedAccuracy:0m/s}
SVI: &{TimeGPS:0 NumSVs:0}
ID(7): 45520717000000000000000000000000000000000000f6fd0000000011aa
VER: &{TimeGPS:0 High:0 Medium:1 Low:0}
POS: &{TimeGPS:0 Longitude:0° Latitude:-90° AltitudeEllipsoid:-6378.137km AltitudeMeanSeaLevel:-6378.107465999603km HorizontalAccuracy:0m VerticalAccuracy:0m}
STAT: &{TimeGPS:0 WeekGPS:65014 FixType:NoFix HasFix:false NumSVs:0}
DOPS: &{TimeGPS:0 Geometric:0 Position:0 Vertical:0 Horizontal:0}
VEL: &{TimeGPS:0 North:0m/s East:0m/s Down:0m/s Speed:0m/s Heading:0° SpeedAccuracy:0m/s}
SVI: &{TimeGPS:0 NumSVs:0}
ID(7): 45520717000000000000000000000000000000000000f6fd0000000011aa
VER: &{TimeGPS:0 High:0 Medium:1 Low:0}
POS: &{TimeGPS:0 Longitude:0° Latitude:-90° AltitudeEllipsoid:-6378.137km AltitudeMeanSeaLevel:-6378.107465999603km HorizontalAccuracy:0m VerticalAccuracy:0m}
STAT: &{TimeGPS:0 WeekGPS:65014 FixType:NoFix HasFix:false NumSVs:0}
DOPS: &{TimeGPS:0 Geometric:0 Position:0 Vertical:0 Horizontal:0}
VEL: &{TimeGPS:0 North:0m/s East:0m/s Down:0m/s Speed:0m/s Heading:0° SpeedAccuracy:0m/s}
SVI: &{TimeGPS:0 NumSVs:0}
ID(7): 45520717000000000000000000000000000000000000f6fd0000000011aa
VER: &{TimeGPS:0 High:0 Medium:1 Low:0}
POS: &{TimeGPS:0 Longitude:0° Latitude:-90° AltitudeEllipsoid:-6378.137km AltitudeMeanSeaLevel:-6378.107465999603km HorizontalAccuracy:0m VerticalAccuracy:0m}
STAT: &{TimeGPS:0 WeekGPS:65014 FixType:NoFix HasFix:false NumSVs:0}
DOPS: &{TimeGPS:0 Geometric:0 Position:0 Vertical:0 Horizontal:0}
VEL: &{TimeGPS:0 North:0m/s East:0m/s Down:0m/s Speed:0m/s Heading:0° SpeedAccuracy:0m/s}
SVI: &{TimeGPS:0 NumSVs:0}
ID(7): 45520717000000000000000000000000000000000000f6fd0000000011aa
VER: &{TimeGPS:0 High:0 Medium:1 Low:0}
POS: &{TimeGPS:0 Longitude:0° Latitude:-90° AltitudeEllipsoid:-6378.137km AltitudeMeanSeaLevel:-6378.107465999603km HorizontalAccuracy:0m VerticalAccuracy:0m}
STAT: &{TimeGPS:0 WeekGPS:65014 FixType:NoFix HasFix:false NumSVs:0}
DOPS: &{TimeGPS:0 Geometric:0 Position:0 Vertical:0 Horizontal:0}
VEL: &{TimeGPS:0 North:0m/s East:0m/s Down:0m/s Speed:0m/s Heading:0° SpeedAccuracy:0m/s}
SVI: &{TimeGPS:0 NumSVs:0}
ID(7): 45520717000000000000000000000000000000000000f6fd0000000011aa
VER: &{TimeGPS:0 High:0 Medium:1 Low:0}
POS: &{TimeGPS:0 Longitude:0° Latitude:-90° AltitudeEllipsoid:-6378.137km AltitudeMeanSeaLevel:-6378.107465999603km HorizontalAccuracy:0m VerticalAccuracy:0m}
STAT: &{TimeGPS:0 WeekGPS:65014 FixType:NoFix HasFix:false NumSVs:0}
DOPS: &{TimeGPS:0 Geometric:0 Position:0 Vertical:0 Horizontal:0}
VEL: &{TimeGPS:0 North:0m/s East:0m/s Down:0m/s Speed:0m/s Heading:0° SpeedAccuracy:0m/s}
SVI: &{TimeGPS:0 NumSVs:0}
ID(7): 45520717000000000000000000000000000000000000f6fd0000000011aa
VER: &{TimeGPS:0 High:0 Medium:1 Low:0}
POS: &{TimeGPS:0 Longitude:0° Latitude:-90° AltitudeEllipsoid:-6378.137km AltitudeMeanSeaLevel:-6378.107465999603km HorizontalAccuracy:0m VerticalAccuracy:0m}
STAT: &{TimeGPS:0 WeekGPS:65014 FixType:NoFix HasFix:false NumSVs:0}
DOPS: &{TimeGPS:0 Geometric:0 Position:0 Vertical:0 Horizontal:0}
VEL: &{TimeGPS:0 North:0m/s East:0m/s Down:0m/s Speed:0m/s Heading:0° SpeedAccuracy:0m/s}
SVI: &{TimeGPS:0 NumSVs:0}
ID(7): 45520717000000000000000000000000000000000000f6fd0000000011aa
VER: &{TimeGPS:0 High:0 Medium:1 Low:0}
POS: &{TimeGPS:0 Longitude:0° Latitude:-90° AltitudeEllipsoid:-6378.137km AltitudeMeanSeaLevel:-6378.107465999603km HorizontalAccuracy:0m VerticalAccuracy:0m}
STAT: &{TimeGPS:0 WeekGPS:65014 FixType:NoFix HasFix:false NumSVs:0}
DOPS: &{TimeGPS:0 Geometric:0 Position:0 Vertical:0 Horizontal:0}
VEL: &{TimeGPS:0 North:0m/s East:0m/s Down:0m/s Speed:0m/s Heading:0° SpeedAccuracy:0m/s}
SVI: &{TimeGPS:0 NumSVs:0}
ID(7): 45520717000000000000000000000000000000000000f6fd0000000011aa
VER: &{TimeGPS:0 High:0 Medium:1 Low:0}
POS: &{TimeGPS:0 Longitude:0° Latitude:-90° AltitudeEllipsoid:-6378.137km AltitudeMeanSeaLevel:-6378.107465999603km HorizontalAccuracy:0m VerticalAccuracy:0m}
STAT: &{TimeGPS:0 WeekGPS:65014 FixType:NoFix HasFix:false NumSVs:0}
DOPS: &{TimeGPS:0 Geometric:0 Position:0 Vertical:0 Horizontal:0}
VEL: &{TimeGPS:0 North:0m/s East:0m/s Down:0m/s Speed:0m/s Heading:0° SpeedAccuracy:0m/s}
SVI: &{TimeGPS:0 NumSVs:0}
ID(7): 45520717000000000000000000000000000000000000f6fd0000000011aa
VER: &{TimeGPS:0 High:0 Medium:1 Low:0}
POS: &{TimeGPS:0 Longitude:0° Latitude:-90° AltitudeEllipsoid:-6378.137km AltitudeMeanSeaLevel:-6378.107465999603km HorizontalAccuracy:0m VerticalAccuracy:0m}
STAT: &{TimeGPS:0 WeekGPS:65014 FixType:NoFix HasFix:false NumSVs:0}
DOPS: &{TimeGPS:0 Geometric:0 Position:0 Vertical:0 Horizontal:0}
VEL: &{TimeGPS:0 North:0m/s East:0m/s Down:0m/s Speed:0m/s Heading:0° SpeedAccuracy:0m/s}
SVI: &{TimeGPS:0 NumSVs:0}
ID(7): 45520717000000000000000000000000000000000000f6fd0000000011aa
VER: &{TimeGPS:0 High:0 Medium:1 Low:0}
POS: &{TimeGPS:0 Longitude:0° Latitude:-90° AltitudeEllipsoid:-6378.137km AltitudeMeanSeaLevel:-6378.107465999603km HorizontalAccuracy:0m VerticalAccuracy:0m}
STAT: &{TimeGPS:0 WeekGPS:65014 FixType:NoFix HasFix:false NumSVs:0}
DOPS: &{TimeGPS:0 Geometric:0 Position:0 Vertical:0 Horizontal:0}
VEL: &{TimeGPS:0 North:0m/s East:0m/s Down:0m/s Speed:0m/s Heading:0° SpeedAccuracy:0m/s}
SVI: &{TimeGPS:0 NumSVs:0}
ID(7): 45520717000000000000000000000000000000000000f6fd0000000011aa
VER: &{TimeGPS:0 High:0 Medium:1 Low:0}
POS: &{TimeGPS:0 Longitude:0° Latitude:-90° AltitudeEllipsoid:-6378.137km AltitudeMeanSeaLevel:-6378.107465999603km HorizontalAccuracy:0m VerticalAccuracy:0m}
STAT: &{TimeGPS:0 WeekGPS:65014 FixType:NoFix HasFix:false NumSVs:0}
DOPS: &{TimeGPS:0 Geometric:0 Position:0 Vertical:0 Horizontal:0}
VEL: &{TimeGPS:0 North:0m/s East:0m/s Down:0m/s Speed:0m/s Heading:0° SpeedAccuracy:0m/s}
SVI: &{TimeGPS:0 NumSVs:0}
ID(7): 45520717000000000000000000000000000000000000f6fd0000000011aa
VER: &{TimeGPS:0 High:0 Medium:1 Low:0}
POS: &{TimeGPS:0 Longitude:0° Latitude:-90° AltitudeEllipsoid:-6378.137km AltitudeMeanSeaLevel:-6378.107465999603km HorizontalAccuracy:0m VerticalAccuracy:0m}
STAT: &{TimeGPS:0 WeekGPS:65014 FixType:NoFix HasFix:false NumSVs:0}
DOPS: &{TimeGPS:0 Geometric:0 Position:0 Vertical:0 Horizontal:0}
VEL: &{TimeGPS:0 North:0m/s East:0m/s Down:0m/s Speed:0m/s Heading:0° SpeedAccuracy:0m/s}
SVI: &{TimeGPS:0 NumSVs:0}
ID(7): 45520717000000000000000000000000000000000000f6fd0000000011aa
VER: &{TimeGPS:0 High:0 Medium:1 Low:0}
POS: &{TimeGPS:0 Longitude:0° Latitude:-90° AltitudeEllipsoid:-6378.137km AltitudeMeanSeaLevel:-6378.107465999603km HorizontalAccuracy:0m VerticalAccuracy:0m}
STAT: &{TimeGPS:0 WeekGPS:65014 FixType:NoFix HasFix:false NumSVs:0}
DOPS: &{TimeGPS:0 Geometric:0 Position:0 Vertical:0 Horizontal:0}
VEL: &{TimeGPS:0 North:0m/s East:0m/s Down:0m/s Speed:0m/s Heading:0° SpeedAccuracy:0m/s}
SVI: &{TimeGPS:0 NumSVs:0}
ID(7): 45520717000000000000000000000000000000000000f6fd0000000011aa
VER: &{TimeGPS:0 High:0 Medium:1 Low:0}
POS: &{TimeGPS:0 Longitude:0° Latitude:-90° AltitudeEllipsoid:-6378.137km AltitudeMeanSeaLevel:-6378.107465999603km HorizontalAccuracy:0m VerticalAccuracy:0m}
STAT: &{TimeGPS:0 WeekGPS:65014 FixType:NoFix HasFix:false NumSVs:0}
DOPS: &{TimeGPS:0 Geometric:0 Position:0 Vertical:0 Horizontal:0}
VEL: &{TimeGPS:0 North:0m/s East:0m/s Down:0m/s Speed:0m/s Heading:0° SpeedAccuracy:0m/s}
SVI: &{TimeGPS:0 NumSVs:0}
ID(7): 45520717000000000000000000000000000000000000f6fd0000000011aa
VER: &{TimeGPS:0 High:0 Medium:1 Low:0}
POS: &{TimeGPS:0 Longitude:0° Latitude:-90° AltitudeEllipsoid:-6378.137km AltitudeMeanSeaLevel:-6378.107465999603km HorizontalAccuracy:0m VerticalAccuracy:0m}
STAT: &{TimeGPS:0 WeekGPS:65014 FixType:NoFix HasFix:false NumSVs:0}
DOPS: &{TimeGPS:0 Geometric:0 Position:0 Vertical:0 Horizontal:0}
VEL: &{TimeGPS:0 North:0m/s East:0m/s Down:0m/s Speed:0m/s Heading:0° SpeedAccuracy:0m/s}
SVI: &{TimeGPS:0 NumSVs:0}
ID(7): 45520717000000000000000000000000000000000000f6fd0000000011aa
VER: &{TimeGPS:0 High:0 Medium:1 Low:0}
POS: &{TimeGPS:0 Longitude:0° Latitude:-90° AltitudeEllipsoid:-6378.137km AltitudeMeanSeaLevel:-6378.107465999603km HorizontalAccuracy:0m VerticalAccuracy:0m}
STAT: &{TimeGPS:0 WeekGPS:65014 FixType:NoFix HasFix:false NumSVs:0}
DOPS: &{TimeGPS:0 Geometric:0 Position:0 Vertical:0 Horizontal:0}
VEL: &{TimeGPS:0 North:0m/s East:0m/s Down:0m/s Speed:0m/s Heading:0° SpeedAccuracy:0m/s}
SVI: &{TimeGPS:0 NumSVs:0}
ID(7): 45520717000000000000000000000000000000000000f6fd0000000011aa
VER: &{TimeGPS:0 High:0 Medium:1 Low:0}
POS: &{TimeGPS:0 Longitude:0° Latitude:-90° AltitudeEllipsoid:-6378.137km AltitudeMeanSeaLevel:-6378.107465999603km HorizontalAccuracy:0m VerticalAccuracy:0m}
STAT: &{TimeGPS:0 WeekGPS:65014 FixType:NoFix HasFix:false NumSVs:0}
DOPS: &{TimeGPS:0 Geometric:0 Position:0 Vertical:0 Horizontal:0}
VEL: &{TimeGPS:0 North:0m/s East:0m/s Down:0m/s Speed:0m/s Heading:0° SpeedAccuracy:0m/s}
SVI: &{TimeGPS:0 NumSVs:0}
ID(7): 45520717000000000000000000000000000000000000f6fd0000000011aa
VER: &{TimeGPS:0 High:0 Medium:1 Low:0}
POS: &{TimeGPS:0 Longitude:0° Latitude:-90° AltitudeEllipsoid:-6378.137km AltitudeMeanSeaLevel:-6378.107465999603km HorizontalAccuracy:0m VerticalAccuracy:0m}
STAT: &{TimeGPS:0 WeekGPS:65014 FixType:NoFix HasFix:false NumSVs:0}
DOPS: &{TimeGPS:0 Geometric:0 Position:0 Vertical:0 Horizontal:0}
VEL: &{TimeGPS:0 North:0m/s East:0m/s Down:0m/s Speed:0m/s Heading:0° SpeedAccuracy:0m/s}
SVI: &{TimeGPS:0 NumSVs:0}
ID(7): 45520717000000000000000000000000000000000000f6fd0000000011aa
VER: &{TimeGPS:0 High:0 Medium:1 Low:0}
POS: &{TimeGPS:0 Longitude:0° Latitude:-90° AltitudeEllipsoid:-6378.137km AltitudeMeanSeaLevel:-6378.107465999603km HorizontalAccuracy:0m VerticalAccuracy:0m}
STAT: &{TimeGPS:0 WeekGPS:65014 FixType:NoFix HasFix:false NumSVs:0}
DOPS: &{TimeGPS:0 Geometric:0 Position:0 Vertical:0 Horizontal:0}
VEL: &{TimeGPS:0 North:0m/s East:0m/s Down:0m/s Speed:0m/s Heading:0° SpeedAccuracy:0m/s}
SVI: &{TimeGPS:0 NumSVs:0}
ID(7): 45520717000000000000000000000000000000000000f6fd0000000011aa
VER: &{TimeGPS:0 High:0 Medium:1 Low:0}
POS: &{TimeGPS:0 Longitude:0° Latitude:-90° AltitudeEllipsoid:-6378.137km AltitudeMeanSeaLevel:-6378.107465999603km HorizontalAccuracy:0m VerticalAccuracy:0m}
STAT: &{TimeGPS:0 WeekGPS:65014 FixType:NoFix HasFix:false NumSVs:0}
DOPS: &{TimeGPS:0 Geometric:0 Position:0 Vertical:0 Horizontal:0}
VEL: &{TimeGPS:0 North:0m/s East:0m/s Down:0m/s Speed:0m/s Heading:0° SpeedAccuracy:0m/s}
SVI: &{TimeGPS:0 NumSVs:0}
ID(7): 45520717000000000000000000000000000000000000f6fd0000000011aa
VER: &{TimeGPS:0 High:0 Medium:1 Low:0}
POS: &{TimeGPS:0 Longitude:0° Latitude:-90° AltitudeEllipsoid:-6378.137km AltitudeMeanSeaLevel:-6378.107465999603km HorizontalAccuracy:0m VerticalAccuracy:0m}
STAT: &{TimeGPS:0 WeekGPS:65014 FixType:NoFix HasFix:false NumSVs:0}
DOPS: &{TimeGPS:0 Geometric:0 Position:0 Vertical:0 Horizontal:0}
VEL: &{TimeGPS:0 North:0m/s East:0m/s Down:0m/s Speed:0m/s Heading:0° SpeedAccuracy:0m/s}
SVI: &{TimeGPS:0 NumSVs:0}
ID(7): 45520717000000000000000000000000000000000000f6fd0000000011aa
VER: &{TimeGPS:0 High:0 Medium:1 Low:0}
POS: &{TimeGPS:0 Longitude:0° Latitude:-90° AltitudeEllipsoid:-6378.137km AltitudeMeanSeaLevel:-6378.107465999603km HorizontalAccuracy:0m VerticalAccuracy:0m}
STAT: &{TimeGPS:0 WeekGPS:65014 FixType:NoFix HasFix:false NumSVs:0}
DOPS: &{TimeGPS:0 Geometric:0 Position:0 Vertical:0 Horizontal:0}
VEL: &{TimeGPS:0 North:0m/s East:0m/s Down:0m/s Speed:0m/s Heading:0° SpeedAccuracy:0m/s}
SVI: &{TimeGPS:0 NumSVs:0}
ID(7): 45520717000000000000000000000000000000000000f6fd0000000011aa
VER: &{TimeGPS:0 High:0 Medium:1 Low:0}
POS: &{TimeGPS:0 Longitude:0° Latitude:-90° AltitudeEllipsoid:-6378.137km AltitudeMeanSeaLevel:-6378.107465999603km HorizontalAccuracy:0m VerticalAccuracy:0m}
STAT: &{TimeGPS:0 WeekGPS:65014 FixType:NoFix HasFix:false NumSVs:0}
DOPS: &{TimeGPS:0 Geometric:0 Position:0 Vertical:0 Horizontal:0}
VEL: &{TimeGPS:0 North:0m/s East:0m/s Down:0m/s Speed:0m/s Heading:0° SpeedAccuracy:0m/s}
SVI: &{TimeGPS:0 NumSVs:0}
ID(7): 45520717000000000000000000000000000000000000f6fd0000000011aa
VER: &{TimeGPS:0 High:0 Medium:1 Low:0}
POS: &{TimeGPS:0 Longitude:0° Latitude:-90° AltitudeEllipsoid:-6378.137km AltitudeMeanSeaLevel:-6378.107465999603km HorizontalAccuracy:0m VerticalAccuracy:0m}
STAT: &{TimeGPS:0 WeekGPS:65014 FixType:NoFix HasFix:false NumSVs:0}
DOPS: &{TimeGPS:0 Geometric:0 Position:0 Vertical:0 Horizontal:0}
VEL: &{TimeGPS:0 North:0m/s East:0m/s Down:0m/s Speed:0m/s Heading:0° SpeedAccuracy:0m/s}
SVI: &{TimeGPS:0 NumSVs:0}
ID(7): 45520717000000000000000000000000000000000000f6fd0000000011aa
VER: &{TimeGPS:0 High:0 Medium:1 Low:0}
POS: &{TimeGPS:0 Longitude:0° Latitude:-90° AltitudeEllipsoid:-6378.137km AltitudeMeanSeaLevel:-6378.107465999603km HorizontalAccuracy:0m VerticalAccuracy:0m}
STAT: &{TimeGPS:0 WeekGPS:65014 FixType:NoFix HasFix:false NumSVs:0}
DOPS: &{TimeGPS:0 Geometric:0 Position:0 Vertical:0 Horizontal:0}
VEL: &{TimeGPS:0 North:0m/s East:0m/s Down:0m/s Speed:0m/s Heading:0° SpeedAccuracy:0m/s}
SVI: &{TimeGPS:0 NumSVs:0}
ID(7): 45520717000000000000000000000000000000000000f6fd0000000011aa
VER: &{TimeGPS:0 High:0 Medium:1 Low:0}
POS: &{TimeGPS:0 Longitude:0° Latitude:-90° AltitudeEllipsoid:-6378.137km AltitudeMeanSeaLevel:-6378.107465999603km HorizontalAccuracy:0m VerticalAccuracy:0m}
